#
# There is insufficient memory for the Java Runtime Environment to continue.
# Native memory allocation (malloc) failed to allocate 1048576 bytes. Error detail: AllocateHeap
# Possible reasons:
#   The system is out of physical RAM or swap space
#   This process is running with CompressedOops enabled, and the Java Heap may be blocking the growth of the native heap
# Possible solutions:
#   Reduce memory load on the system
#   Increase physical memory or swap space
#   Check if swap backing store is full
#   Decrease Java heap size (-Xmx/-Xms)
#   Decrease number of Java threads
#   Decrease Java thread stack sizes (-Xss)
#   Set larger code cache with -XX:ReservedCodeCacheSize=
#   JVM is running with Unscaled Compressed Oops mode in which the Java heap is
#     placed in the first 4GB address space. The Java Heap base address is the
#     maximum limit for the native heap growth. Please use -XX:HeapBaseMinAddress
#     to set the Java Heap base and to place the Java Heap above 4GB virtual address.
# This output file may be truncated or incomplete.
#
#  Out of Memory Error (allocation.cpp:44), pid=20524, tid=7704
#
# JRE version: OpenJDK Runtime Environment Temurin-21.0.10+7 (21.0.10+7) (build 21.0.10+7-LTS)
# Java VM: OpenJDK 64-Bit Server VM Temurin-21.0.10+7 (21.0.10+7-LTS, mixed mode, sharing, tiered, compressed oops, compressed class ptrs, parallel gc, windows-amd64)
# No core dump will be written. Minidumps are not enabled by default on client versions of Windows
#

---------------  S U M M A R Y ------------

Command Line: --add-modules=ALL-SYSTEM --add-opens=java.base/java.util=ALL-UNNAMED --add-opens=java.base/java.lang=ALL-UNNAMED --add-opens=java.base/sun.nio.fs=ALL-UNNAMED -Declipse.application=org.eclipse.jdt.ls.core.id1 -Dosgi.bundles.defaultStartLevel=4 -Declipse.product=org.eclipse.jdt.ls.core.product -Djava.import.generatesMetadataFilesAtProjectRoot=false -DDetectVMInstallationsJob.disabled=true -Dfile.encoding=utf8 -XX:+UseParallelGC -XX:GCTimeRatio=4 -XX:AdaptiveSizePolicyWeight=90 -Dsun.zip.disableMemoryMapping=true -Xmx2G -Xms100m -Xlog:disable -javaagent:c:\Users\ASUS\.vscode\extensions\redhat.java-1.54.0-win32-x64\lombok\lombok-1.18.39-4050.jar -XX:+HeapDumpOnOutOfMemoryError -XX:HeapDumpPath=c:\Users\ASUS\AppData\Roaming\Code\User\workspaceStorage\aeab3723798d753ef6fc7c07cf3f658c\redhat.java -Daether.dependencyCollector.impl=bf c:\Users\ASUS\.vscode\extensions\redhat.java-1.54.0-win32-x64\server\plugins\org.eclipse.equinox.launcher_1.7.100.v20251111-0406.jar -configuration c:\Users\ASUS\AppData\Roaming\Code\User\globalStorage\redhat.java\1.54.0\config_win -data c:\Users\ASUS\AppData\Roaming\Code\User\workspaceStorage\aeab3723798d753ef6fc7c07cf3f658c\redhat.java\jdt_ws --pipe=\\.\pipe\lsp-6b65e356b3ba6c23b75e44e580192e84-sock

Host: AMD Ryzen 7 7435HS                             , 16 cores, 7G,  Windows 11 , 64 bit Build 26100 (10.0.26100.5074)
Time: Wed Apr 29 22:20:03 2026 SE Asia Standard Time elapsed time: 191.280586 seconds (0d 0h 3m 11s)

---------------  T H R E A D  ---------------

Current thread (0x000001ce756aba30):  JavaThread "Attach Listener" daemon [_thread_in_vm, id=7704, stack(0x000000623d700000,0x000000623d800000) (1024K)]

Stack: [0x000000623d700000,0x000000623d800000]
Native frames: (J=compiled Java code, j=interpreted, Vv=VM code, C=native code)
V  [jvm.dll+0x6d7a39]
V  [jvm.dll+0x8b4b26]
V  [jvm.dll+0x8b70de]
V  [jvm.dll+0x8b77c3]
V  [jvm.dll+0x284346]
V  [jvm.dll+0xc1277]
V  [jvm.dll+0x6d82e9]
V  [jvm.dll+0x1334a6]
V  [jvm.dll+0x3f857e]
V  [jvm.dll+0x85f59d]
V  [jvm.dll+0x6d626d]
C  [ucrtbase.dll+0x37b0]
C  [KERNEL32.DLL+0x2e8d7]
C  [ntdll.dll+0x8d9c]


---------------  P R O C E S S  ---------------

Threads class SMR info:
_java_thread_list=0x000001ce7e182db0, length=104, elements={
0x000001ce1c5842f0, 0x000001ce756a83a0, 0x000001ce741fe200, 0x000001ce756aaab0,
0x000001ce756aba30, 0x000001ce756b10f0, 0x000001ce756b7f50, 0x000001ce756c2850,
0x000001ce756c4290, 0x000001ce75962d10, 0x000001ce7b010ec0, 0x000001ce7ba2f8d0,
0x000001ce7b9863e0, 0x000001ce7bcaca00, 0x000001ce7bcad840, 0x000001ce7bfced00,
0x000001ce7c2fc490, 0x000001ce759ce850, 0x000001ce759cdb30, 0x000001ce7b330ef0,
0x000001ce7b332930, 0x000001ce7b332fc0, 0x000001ce7b3301d0, 0x000001ce7b330860,
0x000001ce7b334370, 0x000001ce7b334a00, 0x000001ce7b331580, 0x000001ce7b335090,
0x000001ce7b331c10, 0x000001ce7b335720, 0x000001ce7b3322a0, 0x000001ce7b337160,
0x000001ce7b336ad0, 0x000001ce7b335db0, 0x000001ce7b336440, 0x000001ce7b3377f0,
0x000001ce7e4061e0, 0x000001ce7e407c20, 0x000001ce7e4082b0, 0x000001ce7e409660,
0x000001ce7e408940, 0x000001ce7e408fd0, 0x000001ce7e406870, 0x000001ce7e409cf0,
0x000001ce7e40a380, 0x000001ce7e40c450, 0x000001ce7e40cae0, 0x000001ce7e40d170,
0x000001ce7df780d0, 0x000001ce7df76000, 0x000001ce7df76d20, 0x000001ce7df76690,
0x000001ce7df74c50, 0x000001ce7df752e0, 0x000001ce7df79480, 0x000001ce7df773b0,
0x000001ce7df7a1a0, 0x000001ce7df78df0, 0x000001ce7df7a830, 0x000001ce7df79b10,
0x000001ce7df7aec0, 0x000001ce7df77a40, 0x000001ce7df78760, 0x000001ce7df7b550,
0x000001ce7df7c270, 0x000001ce7df7bbe0, 0x000001ce10ecfd80, 0x000001ce10ece9d0,
0x000001ce10ecf060, 0x000001ce10ed1130, 0x000001ce10ed0410, 0x000001ce10ecf6f0,
0x000001ce10ecdcb0, 0x000001ce10ed17c0, 0x000001ce10ed1e50, 0x000001ce10ed2b70,
0x000001ce10ed3890, 0x000001ce109df780, 0x000001ce109e04a0, 0x000001ce109dfe10,
0x000001ce109dd020, 0x000001ce109df0f0, 0x000001ce109e0b30, 0x000001ce109dd6b0,
0x000001ce109e11c0, 0x000001ce109ddd40, 0x000001ce109e1850, 0x000001ce109dea60,
0x000001ce109e3fb0, 0x000001ce109e4640, 0x000001ce109e2570, 0x000001ce109e2c00,
0x000001ce7f8da490, 0x000001ce7f8ddfa0, 0x000001ce7f8dab20, 0x000001ce7f8dd280,
0x000001ce7f8de630, 0x000001ce7f8db1b0, 0x000001ce7f8decc0, 0x000001ce7f8db840,
0x000001ce7f8df350, 0x000001ce7f8dbed0, 0x000001ce7f8df9e0, 0x000001ce7b333ce0
}

Java Threads: ( => current thread )
  0x000001ce1c5842f0 JavaThread "main"                              [_thread_blocked, id=3476, stack(0x000000623d000000,0x000000623d100000) (1024K)]
  0x000001ce756a83a0 JavaThread "Reference Handler"          daemon [_thread_blocked, id=7632, stack(0x000000623d400000,0x000000623d500000) (1024K)]
  0x000001ce741fe200 JavaThread "Finalizer"                  daemon [_thread_blocked, id=31992, stack(0x000000623d500000,0x000000623d600000) (1024K)]
  0x000001ce756aaab0 JavaThread "Signal Dispatcher"          daemon [_thread_blocked, id=26008, stack(0x000000623d600000,0x000000623d700000) (1024K)]
=>0x000001ce756aba30 JavaThread "Attach Listener"            daemon [_thread_in_vm, id=7704, stack(0x000000623d700000,0x000000623d800000) (1024K)]
  0x000001ce756b10f0 JavaThread "Service Thread"             daemon [_thread_blocked, id=30616, stack(0x000000623d800000,0x000000623d900000) (1024K)]
  0x000001ce756b7f50 JavaThread "Monitor Deflation Thread"   daemon [_thread_blocked, id=34352, stack(0x000000623d900000,0x000000623da00000) (1024K)]
  0x000001ce756c2850 JavaThread "C2 CompilerThread0"         daemon [_thread_blocked, id=30432, stack(0x000000623da00000,0x000000623db00000) (1024K)]
  0x000001ce756c4290 JavaThread "C1 CompilerThread0"         daemon [_thread_blocked, id=33624, stack(0x000000623db00000,0x000000623dc00000) (1024K)]
  0x000001ce75962d10 JavaThread "Common-Cleaner"             daemon [_thread_blocked, id=21452, stack(0x000000623df00000,0x000000623e000000) (1024K)]
  0x000001ce7b010ec0 JavaThread "Notification Thread"        daemon [_thread_blocked, id=27940, stack(0x000000623e100000,0x000000623e200000) (1024K)]
  0x000001ce7ba2f8d0 JavaThread "Active Thread: Equinox Container: 393e69fe-0d5d-459a-b711-7819ec492f49"        [_thread_blocked, id=32400, stack(0x000000623e200000,0x000000623e300000) (1024K)]
  0x000001ce7b9863e0 JavaThread "Refresh Thread: Equinox Container: 393e69fe-0d5d-459a-b711-7819ec492f49" daemon [_thread_blocked, id=6008, stack(0x000000623ea00000,0x000000623eb00000) (1024K)]
  0x000001ce7bcaca00 JavaThread "Framework Event Dispatcher: Equinox Container: 393e69fe-0d5d-459a-b711-7819ec492f49" daemon [_thread_blocked, id=29244, stack(0x000000623eb00000,0x000000623ec00000) (1024K)]
  0x000001ce7bcad840 JavaThread "Start Level: Equinox Container: 393e69fe-0d5d-459a-b711-7819ec492f49" daemon [_thread_blocked, id=15316, stack(0x000000623ec00000,0x000000623ed00000) (1024K)]
  0x000001ce7bfced00 JavaThread "Bundle File Closer"         daemon [_thread_blocked, id=25476, stack(0x000000623f000000,0x000000623f100000) (1024K)]
  0x000001ce7c2fc490 JavaThread "SCR Component Actor"        daemon [_thread_blocked, id=11784, stack(0x000000623de00000,0x000000623df00000) (1024K)]
  0x000001ce759ce850 JavaThread "Worker-JM"                         [_thread_blocked, id=3804, stack(0x000000623f100000,0x000000623f200000) (1024K)]
  0x000001ce759cdb30 JavaThread "JNA Cleaner"                daemon [_thread_blocked, id=28344, stack(0x000000623dc00000,0x000000623dd00000) (1024K)]
  0x000001ce7b330ef0 JavaThread "Worker-1: Building"                [_thread_blocked, id=33304, stack(0x000000623f400000,0x000000623f500000) (1024K)]
  0x000001ce7b332930 JavaThread "Worker-2: Publish Diagnostics"        [_thread_blocked, id=13668, stack(0x000000623f500000,0x000000623f600000) (1024K)]
  0x000001ce7b332fc0 JavaThread "Java indexing"              daemon [_thread_blocked, id=17064, stack(0x000000623f800000,0x000000623f900000) (1024K)]
  0x000001ce7b3301d0 JavaThread "Worker-3"                          [_thread_blocked, id=26004, stack(0x000000623f900000,0x000000623fa00000) (1024K)]
  0x000001ce7b330860 JavaThread "Worker-6"                          [_thread_blocked, id=27728, stack(0x000000623ff00000,0x0000006240000000) (1024K)]
  0x000001ce7b334370 JavaThread "Thread-1"                   daemon [_thread_in_native, id=3424, stack(0x0000006240100000,0x0000006240200000) (1024K)]
  0x000001ce7b334a00 JavaThread "Thread-2"                   daemon [_thread_in_native, id=30984, stack(0x0000006240200000,0x0000006240300000) (1024K)]
  0x000001ce7b331580 JavaThread "Thread-3"                   daemon [_thread_in_native, id=6136, stack(0x0000006240300000,0x0000006240400000) (1024K)]
  0x000001ce7b335090 JavaThread "Thread-4"                   daemon [_thread_in_native, id=23180, stack(0x0000006240400000,0x0000006240500000) (1024K)]
  0x000001ce7b331c10 JavaThread "Thread-5"                   daemon [_thread_in_native, id=28144, stack(0x0000006240500000,0x0000006240600000) (1024K)]
  0x000001ce7b335720 JavaThread "Thread-6"                   daemon [_thread_in_native, id=14920, stack(0x0000006240600000,0x0000006240700000) (1024K)]
  0x000001ce7b3322a0 JavaThread "Thread-7"                   daemon [_thread_in_native, id=5472, stack(0x0000006240700000,0x0000006240800000) (1024K)]
  0x000001ce7b337160 JavaThread "Thread-8"                   daemon [_thread_in_native, id=32960, stack(0x0000006240800000,0x0000006240900000) (1024K)]
  0x000001ce7b336ad0 JavaThread "Thread-9"                   daemon [_thread_in_native, id=30504, stack(0x0000006240900000,0x0000006240a00000) (1024K)]
  0x000001ce7b335db0 JavaThread "Thread-10"                  daemon [_thread_in_native, id=29088, stack(0x0000006240a00000,0x0000006240b00000) (1024K)]
  0x000001ce7b336440 JavaThread "Thread-11"                  daemon [_thread_in_native, id=11644, stack(0x0000006240b00000,0x0000006240c00000) (1024K)]
  0x000001ce7b3377f0 JavaThread "Thread-12"                  daemon [_thread_in_native, id=2424, stack(0x0000006240c00000,0x0000006240d00000) (1024K)]
  0x000001ce7e4061e0 JavaThread "Thread-13"                  daemon [_thread_in_native, id=28772, stack(0x0000006240d00000,0x0000006240e00000) (1024K)]
  0x000001ce7e407c20 JavaThread "Thread-14"                  daemon [_thread_in_native, id=23068, stack(0x0000006240e00000,0x0000006240f00000) (1024K)]
  0x000001ce7e4082b0 JavaThread "Thread-15"                  daemon [_thread_in_native, id=34388, stack(0x0000006240f00000,0x0000006241000000) (1024K)]
  0x000001ce7e409660 JavaThread "Thread-16"                  daemon [_thread_in_native, id=25704, stack(0x0000006241000000,0x0000006241100000) (1024K)]
  0x000001ce7e408940 JavaThread "Thread-17"                  daemon [_thread_in_native, id=1376, stack(0x0000006241100000,0x0000006241200000) (1024K)]
  0x000001ce7e408fd0 JavaThread "pool-2-thread-1"                   [_thread_blocked, id=28064, stack(0x0000006241200000,0x0000006241300000) (1024K)]
  0x000001ce7e406870 JavaThread "Worker-7"                          [_thread_blocked, id=13988, stack(0x0000006241300000,0x0000006241400000) (1024K)]
  0x000001ce7e409cf0 JavaThread "WorkspaceEventsHandler"            [_thread_blocked, id=27684, stack(0x0000006241400000,0x0000006241500000) (1024K)]
  0x000001ce7e40a380 JavaThread "pool-1-thread-1"                   [_thread_blocked, id=14284, stack(0x0000006241500000,0x0000006241600000) (1024K)]
  0x000001ce7e40c450 JavaThread "LocalFile Deleter"          daemon [_thread_blocked, id=11828, stack(0x0000006241700000,0x0000006241800000) (1024K)]
  0x000001ce7e40cae0 JavaThread "LocalFile Deleter"          daemon [_thread_blocked, id=15004, stack(0x0000006241800000,0x0000006241900000) (1024K)]
  0x000001ce7e40d170 JavaThread "LocalFile Deleter"          daemon [_thread_blocked, id=14780, stack(0x0000006241900000,0x0000006241a00000) (1024K)]
  0x000001ce7df780d0 JavaThread "LocalFile Deleter"          daemon [_thread_blocked, id=33872, stack(0x0000006241a00000,0x0000006241b00000) (1024K)]
  0x000001ce7df76000 JavaThread "LocalFile Deleter"          daemon [_thread_blocked, id=6284, stack(0x0000006241b00000,0x0000006241c00000) (1024K)]
  0x000001ce7df76d20 JavaThread "LocalFile Deleter"          daemon [_thread_blocked, id=32460, stack(0x0000006241c00000,0x0000006241d00000) (1024K)]
  0x000001ce7df76690 JavaThread "LocalFile Deleter"          daemon [_thread_blocked, id=34424, stack(0x0000006241d00000,0x0000006241e00000) (1024K)]
  0x000001ce7df74c50 JavaThread "LocalFile Deleter"          daemon [_thread_blocked, id=29828, stack(0x0000006241e00000,0x0000006241f00000) (1024K)]
  0x000001ce7df752e0 JavaThread "LocalFile Deleter"          daemon [_thread_blocked, id=9740, stack(0x0000006242000000,0x0000006242100000) (1024K)]
  0x000001ce7df79480 JavaThread "LocalFile Deleter"          daemon [_thread_blocked, id=34168, stack(0x0000006242100000,0x0000006242200000) (1024K)]
  0x000001ce7df773b0 JavaThread "LocalFile Deleter"          daemon [_thread_blocked, id=26072, stack(0x0000006242200000,0x0000006242300000) (1024K)]
  0x000001ce7df7a1a0 JavaThread "LocalFile Deleter"          daemon [_thread_blocked, id=33888, stack(0x0000006242300000,0x0000006242400000) (1024K)]
  0x000001ce7df78df0 JavaThread "LocalFile Deleter"          daemon [_thread_blocked, id=13836, stack(0x0000006242400000,0x0000006242500000) (1024K)]
  0x000001ce7df7a830 JavaThread "LocalFile Deleter"          daemon [_thread_blocked, id=33156, stack(0x0000006242500000,0x0000006242600000) (1024K)]
  0x000001ce7df79b10 JavaThread "Compiler Source File Reader" daemon [_thread_blocked, id=13824, stack(0x0000006242600000,0x0000006242700000) (1024K)]
  0x000001ce7df7aec0 JavaThread "Compiler Source File Reader" daemon [_thread_blocked, id=13904, stack(0x0000006242700000,0x0000006242800000) (1024K)]
  0x000001ce7df77a40 JavaThread "Compiler Source File Reader" daemon [_thread_blocked, id=22976, stack(0x0000006242800000,0x0000006242900000) (1024K)]
  0x000001ce7df78760 JavaThread "Compiler Source File Reader" daemon [_thread_blocked, id=26872, stack(0x0000006242900000,0x0000006242a00000) (1024K)]
  0x000001ce7df7b550 JavaThread "Compiler Source File Reader" daemon [_thread_blocked, id=32432, stack(0x0000006242a00000,0x0000006242b00000) (1024K)]
  0x000001ce7df7c270 JavaThread "Compiler Source File Reader" daemon [_thread_blocked, id=22096, stack(0x0000006242b00000,0x0000006242c00000) (1024K)]
  0x000001ce7df7bbe0 JavaThread "Compiler Source File Reader" daemon [_thread_blocked, id=32776, stack(0x0000006242c00000,0x0000006242d00000) (1024K)]
  0x000001ce10ecfd80 JavaThread "Compiler Source File Reader" daemon [_thread_blocked, id=18496, stack(0x0000006242d00000,0x0000006242e00000) (1024K)]
  0x000001ce10ece9d0 JavaThread "Compiler Source File Reader" daemon [_thread_blocked, id=18236, stack(0x0000006242e00000,0x0000006242f00000) (1024K)]
  0x000001ce10ecf060 JavaThread "Compiler Source File Reader" daemon [_thread_blocked, id=33720, stack(0x0000006242f00000,0x0000006243000000) (1024K)]
  0x000001ce10ed1130 JavaThread "Compiler Source File Reader" daemon [_thread_blocked, id=25308, stack(0x0000006243000000,0x0000006243100000) (1024K)]
  0x000001ce10ed0410 JavaThread "Compiler Source File Reader" daemon [_thread_blocked, id=30036, stack(0x0000006243100000,0x0000006243200000) (1024K)]
  0x000001ce10ecf6f0 JavaThread "Compiler Source File Reader" daemon [_thread_blocked, id=26128, stack(0x0000006243200000,0x0000006243300000) (1024K)]
  0x000001ce10ecdcb0 JavaThread "Compiler Source File Reader" daemon [_thread_blocked, id=29196, stack(0x0000006243300000,0x0000006243400000) (1024K)]
  0x000001ce10ed17c0 JavaThread "Compiler Class File Writer" daemon [_thread_blocked, id=19236, stack(0x0000006243500000,0x0000006243600000) (1024K)]
  0x000001ce10ed1e50 JavaThread "Compiler Class File Writer" daemon [_thread_blocked, id=28552, stack(0x0000006243600000,0x0000006243700000) (1024K)]
  0x000001ce10ed2b70 JavaThread "Compiler Class File Writer" daemon [_thread_blocked, id=14996, stack(0x0000006243700000,0x0000006243800000) (1024K)]
  0x000001ce10ed3890 JavaThread "Compiler Class File Writer" daemon [_thread_blocked, id=29820, stack(0x0000006243800000,0x0000006243900000) (1024K)]
  0x000001ce109df780 JavaThread "Compiler Class File Writer" daemon [_thread_blocked, id=13760, stack(0x0000006243900000,0x0000006243a00000) (1024K)]
  0x000001ce109e04a0 JavaThread "Compiler Class File Writer" daemon [_thread_blocked, id=24796, stack(0x0000006243a00000,0x0000006243b00000) (1024K)]
  0x000001ce109dfe10 JavaThread "Compiler Class File Writer" daemon [_thread_blocked, id=4032, stack(0x0000006243b00000,0x0000006243c00000) (1024K)]
  0x000001ce109dd020 JavaThread "Compiler Class File Writer" daemon [_thread_blocked, id=33364, stack(0x0000006243c00000,0x0000006243d00000) (1024K)]
  0x000001ce109df0f0 JavaThread "Compiler Class File Writer" daemon [_thread_blocked, id=12356, stack(0x0000006243d00000,0x0000006243e00000) (1024K)]
  0x000001ce109e0b30 JavaThread "Compiler Class File Writer" daemon [_thread_blocked, id=34044, stack(0x0000006243e00000,0x0000006243f00000) (1024K)]
  0x000001ce109dd6b0 JavaThread "Compiler Class File Writer" daemon [_thread_blocked, id=29008, stack(0x0000006243f00000,0x0000006244000000) (1024K)]
  0x000001ce109e11c0 JavaThread "Compiler Class File Writer" daemon [_thread_blocked, id=4644, stack(0x0000006244000000,0x0000006244100000) (1024K)]
  0x000001ce109ddd40 JavaThread "Compiler Class File Writer" daemon [_thread_blocked, id=25500, stack(0x0000006244100000,0x0000006244200000) (1024K)]
  0x000001ce109e1850 JavaThread "Compiler Class File Writer" daemon [_thread_blocked, id=20672, stack(0x0000006244200000,0x0000006244300000) (1024K)]
  0x000001ce109dea60 JavaThread "ForkJoinPool.commonPool-worker-1" daemon [_thread_blocked, id=7604, stack(0x000000623cd00000,0x000000623ce00000) (1024K)]
  0x000001ce109e3fb0 JavaThread "ForkJoinPool.commonPool-worker-2" daemon [_thread_blocked, id=27200, stack(0x000000623ce00000,0x000000623cf00000) (1024K)]
  0x000001ce109e4640 JavaThread "ForkJoinPool.commonPool-worker-3" daemon [_thread_blocked, id=26548, stack(0x000000623cf00000,0x000000623d000000) (1024K)]
  0x000001ce109e2570 JavaThread "ForkJoinPool.commonPool-worker-4" daemon [_thread_blocked, id=13344, stack(0x000000623e000000,0x000000623e100000) (1024K)]
  0x000001ce109e2c00 JavaThread "Worker-8"                          [_thread_blocked, id=22124, stack(0x000000623f600000,0x000000623f700000) (1024K)]
  0x000001ce7f8da490 JavaThread "ForkJoinPool.commonPool-worker-5" daemon [_thread_blocked, id=28852, stack(0x000000623f700000,0x000000623f800000) (1024K)]
  0x000001ce7f8ddfa0 JavaThread "ForkJoinPool.commonPool-worker-6" daemon [_thread_blocked, id=32464, stack(0x0000006240000000,0x0000006240100000) (1024K)]
  0x000001ce7f8dab20 JavaThread "ForkJoinPool.commonPool-worker-7" daemon [_thread_blocked, id=28664, stack(0x0000006244300000,0x0000006244400000) (1024K)]
  0x000001ce7f8dd280 JavaThread "ForkJoinPool.commonPool-worker-8" daemon [_thread_blocked, id=9340, stack(0x0000006244400000,0x0000006244500000) (1024K)]
  0x000001ce7f8de630 JavaThread "ForkJoinPool.commonPool-worker-9" daemon [_thread_blocked, id=20124, stack(0x0000006244500000,0x0000006244600000) (1024K)]
  0x000001ce7f8db1b0 JavaThread "ForkJoinPool.commonPool-worker-10" daemon [_thread_blocked, id=31336, stack(0x0000006244600000,0x0000006244700000) (1024K)]
  0x000001ce7f8decc0 JavaThread "ForkJoinPool.commonPool-worker-11" daemon [_thread_blocked, id=29624, stack(0x0000006244700000,0x0000006244800000) (1024K)]
  0x000001ce7f8db840 JavaThread "ForkJoinPool.commonPool-worker-12" daemon [_thread_blocked, id=15728, stack(0x0000006244800000,0x0000006244900000) (1024K)]
  0x000001ce7f8df350 JavaThread "ForkJoinPool.commonPool-worker-13" daemon [_thread_blocked, id=12228, stack(0x0000006244900000,0x0000006244a00000) (1024K)]
  0x000001ce7f8dbed0 JavaThread "ForkJoinPool.commonPool-worker-14" daemon [_thread_blocked, id=33184, stack(0x0000006244a00000,0x0000006244b00000) (1024K)]
  0x000001ce7f8df9e0 JavaThread "ForkJoinPool.commonPool-worker-15" daemon [_thread_blocked, id=32064, stack(0x0000006244b00000,0x0000006244c00000) (1024K)]
  0x000001ce7b333ce0 JavaThread "Cleaner-0"                  daemon [_thread_blocked, id=28744, stack(0x000000623dd00000,0x000000623de00000) (1024K)]
Total: 104

Other Threads:
  0x000001ce1c63e960 VMThread "VM Thread"                           [id=29188, stack(0x000000623d300000,0x000000623d400000) (1024K)] _threads_hazard_ptr=0x000001ce7e182db0
  0x000001ce740dca00 WatcherThread "VM Periodic Task Thread"        [id=31400, stack(0x000000623d200000,0x000000623d300000) (1024K)]
  0x000001ce1c5a3670 WorkerThread "GC Thread#0"                     [id=25340, stack(0x000000623d100000,0x000000623d200000) (1024K)]
  0x000001ce7b449140 WorkerThread "GC Thread#1"                     [id=34408, stack(0x000000623e300000,0x000000623e400000) (1024K)]
  0x000001ce7b449d00 WorkerThread "GC Thread#2"                     [id=12768, stack(0x000000623e400000,0x000000623e500000) (1024K)]
  0x000001ce7b303b10 WorkerThread "GC Thread#3"                     [id=21748, stack(0x000000623e500000,0x000000623e600000) (1024K)]
  0x000001ce7b303ec0 WorkerThread "GC Thread#4"                     [id=3184, stack(0x000000623e600000,0x000000623e700000) (1024K)]
  0x000001ce7b7f7c80 WorkerThread "GC Thread#5"                     [id=23344, stack(0x000000623e700000,0x000000623e800000) (1024K)]
  0x000001ce7b7f8030 WorkerThread "GC Thread#6"                     [id=23268, stack(0x000000623e800000,0x000000623e900000) (1024K)]
  0x000001ce7bcc5a10 WorkerThread "GC Thread#7"                     [id=27324, stack(0x000000623e900000,0x000000623ea00000) (1024K)]
  0x000001ce7baf9760 WorkerThread "GC Thread#8"                     [id=26880, stack(0x000000623ed00000,0x000000623ee00000) (1024K)]
  0x000001ce7baf9b10 WorkerThread "GC Thread#9"                     [id=30556, stack(0x000000623ee00000,0x000000623ef00000) (1024K)]
  0x000001ce7baf9ec0 WorkerThread "GC Thread#10"                    [id=34800, stack(0x000000623ef00000,0x000000623f000000) (1024K)]
  0x000001ce7c2cbc10 WorkerThread "GC Thread#11"                    [id=4208, stack(0x000000623f200000,0x000000623f300000) (1024K)]
  0x000001ce7c2cc720 WorkerThread "GC Thread#12"                    [id=21712, stack(0x000000623f300000,0x000000623f400000) (1024K)]
Total: 15

Threads with active compile tasks:
C2 CompilerThread0  191396 19358       4       org.eclipse.jdt.internal.compiler.lookup.LookupEnvironment::getResolvedType (80 bytes)
C1 CompilerThread0  191396 19701       2       org.eclipse.jdt.internal.core.NamedMember::getTypeQualifiedName (271 bytes)
Total: 2

VM state: synchronizing (normal execution)

VM Mutex/Monitor currently owned by a thread:  ([mutex/lock_event])
[0x00007ff8188ee560] Threads_lock - owner thread: 0x000001ce1c63e960

Heap address: 0x0000000080000000, size: 2048 MB, Compressed Oops mode: 32-bit

CDS archive(s) mapped at: [0x000001ce33000000-0x000001ce33ba0000-0x000001ce33ba0000), size 12189696, SharedBaseAddress: 0x000001ce33000000, ArchiveRelocationMode: 1.
Compressed class space mapped at: 0x000001ce34000000-0x000001ce74000000, reserved size: 1073741824
Narrow klass base: 0x000001ce33000000, Narrow klass shift: 0, Narrow klass range: 0x100000000

GC Precious Log:
 CardTable entry size: 512
 CPUs: 16 total, 16 available
 Memory: 8010M
 Large Page Support: Disabled
 NUMA Support: Disabled
 Compressed Oops: Enabled (32-bit)
 Alignments: Space 512K, Generation 512K, Heap 2M
 Heap Min Capacity: 100M
 Heap Initial Capacity: 100M
 Heap Max Capacity: 2G
 Pre-touch: Disabled
 Parallel Workers: 13

Heap:
 PSYoungGen      total 23040K, used 2061K [0x00000000d5580000, 0x00000000d7800000, 0x0000000100000000)
  eden space 20480K, 10% used [0x00000000d5580000,0x00000000d57837e0,0x00000000d6980000)
  from space 2560K, 0% used [0x00000000d7580000,0x00000000d7580000,0x00000000d7800000)
  to   space 5632K, 0% used [0x00000000d6d00000,0x00000000d6d00000,0x00000000d7280000)
 ParOldGen       total 638464K, used 221935K [0x0000000080000000, 0x00000000a6f80000, 0x00000000d5580000)
  object space 638464K, 34% used [0x0000000080000000,0x000000008d8bbe78,0x00000000a6f80000)
 Metaspace       used 77221K, committed 78912K, reserved 1179648K
  class space    used 7724K, committed 8512K, reserved 1048576K

Card table byte_map: [0x000001ce1bf30000,0x000001ce1c340000] _byte_map_base: 0x000001ce1bb30000

Marking Bits: (ParMarkBitMap*) 0x00007ff8188f3450
 Begin Bits: [0x000001ce2ea30000, 0x000001ce30a30000)
 End Bits:   [0x000001ce30a30000, 0x000001ce32a30000)

Polling page: 0x000001ce1a560000

Metaspace:

Usage:
  Non-class:     67.87 MB used.
      Class:      7.54 MB used.
       Both:     75.41 MB used.

Virtual space:
  Non-class space:      128.00 MB reserved,      68.75 MB ( 54%) committed,  2 nodes.
      Class space:        1.00 GB reserved,       8.31 MB ( <1%) committed,  1 nodes.
             Both:        1.12 GB reserved,      77.06 MB (  7%) committed. 

Chunk freelists:
   Non-Class:  10.39 MB
       Class:  7.70 MB
        Both:  18.09 MB

MaxMetaspaceSize: unlimited
CompressedClassSpaceSize: 1.00 GB
Initial GC threshold: 21.00 MB
Current GC threshold: 128.44 MB
CDS: on
 - commit_granule_bytes: 65536.
 - commit_granule_words: 8192.
 - virtual_space_node_default_size: 8388608.
 - enlarge_chunks_in_place: 1.
 - use_allocation_guard: 0.


Internal statistics:

num_allocs_failed_limit: 9.
num_arena_births: 1496.
num_arena_deaths: 22.
num_vsnodes_births: 3.
num_vsnodes_deaths: 0.
num_space_committed: 1233.
num_space_uncommitted: 0.
num_chunks_returned_to_freelist: 35.
num_chunks_taken_from_freelist: 5382.
num_chunk_merges: 14.
num_chunk_splits: 3234.
num_chunks_enlarged: 1723.
num_inconsistent_stats: 0.

CodeHeap 'non-profiled nmethods': size=119168Kb used=11299Kb max_used=11893Kb free=107868Kb
 bounds [0x000001ce27320000, 0x000001ce27ec0000, 0x000001ce2e780000]
CodeHeap 'profiled nmethods': size=119104Kb used=39663Kb max_used=43687Kb free=79441Kb
 bounds [0x000001ce1f780000, 0x000001ce22230000, 0x000001ce26bd0000]
CodeHeap 'non-nmethods': size=7488Kb used=1482Kb max_used=3177Kb free=6005Kb
 bounds [0x000001ce26bd0000, 0x000001ce26f50000, 0x000001ce27320000]
CodeCache: size=245760Kb, used=52444Kb, max_used=58757Kb, free=193314Kb
 total_blobs=18382, nmethods=17583, adapters=700, full_count=0
Compilation: enabled, stopped_count=0, restarted_count=0

Compilation events (20 events):
Event: 183.159 Thread 0x000001ce756c4290 nmethod 19689 0x000001ce22223610 code [0x000001ce222237e0, 0x000001ce22223a48]
Event: 183.159 Thread 0x000001ce756c4290 19691       3       org.eclipse.jdt.core.dom.ASTNode::setSourceRange (71 bytes)
Event: 183.160 Thread 0x000001ce756c4290 nmethod 19691 0x000001ce22223b90 code [0x000001ce22223de0, 0x000001ce22224570]
Event: 183.161 Thread 0x000001ce756c4290 19692       3       lombok.eclipse.agent.PatchDiagnostics::setSourceRangeCheck (192 bytes)
Event: 183.165 Thread 0x000001ce756c4290 nmethod 19692 0x000001ce22224890 code [0x000001ce22224dc0, 0x000001ce22226dd0]
Event: 183.165 Thread 0x000001ce756c4290 19695       3       org.eclipse.jdt.core.dom.ASTConverter::recordNodes (43 bytes)
Event: 183.166 Thread 0x000001ce756c4290 nmethod 19695 0x000001ce22227990 code [0x000001ce22227b80, 0x000001ce22228258]
Event: 183.166 Thread 0x000001ce756c4290 19694       3       org.eclipse.jdt.core.dom.ASTNode::<init> (73 bytes)
Event: 183.168 Thread 0x000001ce756c4290 nmethod 19694 0x000001ce22228390 code [0x000001ce22228580, 0x000001ce222289d0]
Event: 183.168 Thread 0x000001ce756c4290 19697   !   3       org.eclipse.jdt.core.dom.AST::preAddChildEvent (63 bytes)
Event: 183.169 Thread 0x000001ce756c4290 nmethod 19697 0x000001ce22228b90 code [0x000001ce22228dc0, 0x000001ce22229738]
Event: 183.170 Thread 0x000001ce756c4290 19698   !   3       org.eclipse.jdt.core.dom.AST::postAddChildEvent (63 bytes)
Event: 190.264 Thread 0x000001ce756c4290 nmethod 19698 0x000001ce1f7ad990 code [0x000001ce1f7adbc0, 0x000001ce1f7ae538]
Event: 190.266 Thread 0x000001ce756c4290 19693       2       org.eclipse.jdt.internal.compiler.util.Util::isClassFileName (73 bytes)
Event: 190.270 Thread 0x000001ce756c4290 nmethod 19693 0x000001ce1f90ab10 code [0x000001ce1f90acc0, 0x000001ce1f90af18]
Event: 190.270 Thread 0x000001ce756c4290 19690       2       org.eclipse.jdt.core.dom.QualifiedName::setName (41 bytes)
Event: 190.273 Thread 0x000001ce756c4290 nmethod 19690 0x000001ce1f99ee10 code [0x000001ce1f99efe0, 0x000001ce1f99f248]
Event: 190.273 Thread 0x000001ce756c4290 19700       2       org.eclipse.jdt.internal.core.JavaElement::getHandleFromMemento (22 bytes)
Event: 190.276 Thread 0x000001ce756c4290 nmethod 19700 0x000001ce1f785b90 code [0x000001ce1f785d60, 0x000001ce1f785f30]
Event: 190.276 Thread 0x000001ce756c4290 19701       2       org.eclipse.jdt.internal.core.NamedMember::getTypeQualifiedName (271 bytes)

GC Heap History (20 events):
Event: 175.768 GC heap before
{Heap before GC invocations=679 (full 3):
 PSYoungGen      total 21504K, used 21484K [0x00000000d5580000, 0x00000000d6d80000, 0x0000000100000000)
  eden space 20480K, 100% used [0x00000000d5580000,0x00000000d6980000,0x00000000d6980000)
  from space 1024K, 98% used [0x00000000d6a00000,0x00000000d6afb2c8,0x00000000d6b00000)
  to   space 2048K, 0% used [0x00000000d6b80000,0x00000000d6b80000,0x00000000d6d80000)
 ParOldGen       total 612864K, used 612763K [0x0000000080000000, 0x00000000a5680000, 0x00000000d5580000)
  object space 612864K, 99% used [0x0000000080000000,0x00000000a5666f10,0x00000000a5680000)
 Metaspace       used 73536K, committed 75136K, reserved 1179648K
  class space    used 7362K, committed 8064K, reserved 1048576K
}
Event: 175.772 GC heap after
{Heap after GC invocations=679 (full 3):
 PSYoungGen      total 21504K, used 788K [0x00000000d5580000, 0x00000000d6c80000, 0x0000000100000000)
  eden space 20480K, 0% used [0x00000000d5580000,0x00000000d5580000,0x00000000d6980000)
  from space 1024K, 77% used [0x00000000d6b80000,0x00000000d6c45240,0x00000000d6c80000)
  to   space 1536K, 0% used [0x00000000d6980000,0x00000000d6980000,0x00000000d6b00000)
 ParOldGen       total 613376K, used 613264K [0x0000000080000000, 0x00000000a5700000, 0x00000000d5580000)
  object space 613376K, 99% used [0x0000000080000000,0x00000000a56e4110,0x00000000a5700000)
 Metaspace       used 73536K, committed 75136K, reserved 1179648K
  class space    used 7362K, committed 8064K, reserved 1048576K
}
Event: 176.393 GC heap before
{Heap before GC invocations=680 (full 3):
 PSYoungGen      total 21504K, used 21113K [0x00000000d5580000, 0x00000000d6c80000, 0x0000000100000000)
  eden space 20480K, 99% used [0x00000000d5580000,0x00000000d6959570,0x00000000d6980000)
  from space 1024K, 77% used [0x00000000d6b80000,0x00000000d6c45240,0x00000000d6c80000)
  to   space 1536K, 0% used [0x00000000d6980000,0x00000000d6980000,0x00000000d6b00000)
 ParOldGen       total 613376K, used 613264K [0x0000000080000000, 0x00000000a5700000, 0x00000000d5580000)
  object space 613376K, 99% used [0x0000000080000000,0x00000000a56e4110,0x00000000a5700000)
 Metaspace       used 74344K, committed 75968K, reserved 1179648K
  class space    used 7431K, committed 8128K, reserved 1048576K
}
Event: 176.409 GC heap after
{Heap after GC invocations=680 (full 3):
 PSYoungGen      total 22016K, used 1524K [0x00000000d5580000, 0x00000000d6e80000, 0x0000000100000000)
  eden space 20480K, 0% used [0x00000000d5580000,0x00000000d5580000,0x00000000d6980000)
  from space 1536K, 99% used [0x00000000d6980000,0x00000000d6afd200,0x00000000d6b00000)
  to   space 2560K, 0% used [0x00000000d6c00000,0x00000000d6c00000,0x00000000d6e80000)
 ParOldGen       total 614400K, used 613961K [0x0000000080000000, 0x00000000a5800000, 0x00000000d5580000)
  object space 614400K, 99% used [0x0000000080000000,0x00000000a57924b0,0x00000000a5800000)
 Metaspace       used 74344K, committed 75968K, reserved 1179648K
  class space    used 7431K, committed 8128K, reserved 1048576K
}
Event: 177.285 GC heap before
{Heap before GC invocations=681 (full 3):
 PSYoungGen      total 22016K, used 22004K [0x00000000d5580000, 0x00000000d6e80000, 0x0000000100000000)
  eden space 20480K, 100% used [0x00000000d5580000,0x00000000d6980000,0x00000000d6980000)
  from space 1536K, 99% used [0x00000000d6980000,0x00000000d6afd200,0x00000000d6b00000)
  to   space 2560K, 0% used [0x00000000d6c00000,0x00000000d6c00000,0x00000000d6e80000)
 ParOldGen       total 614400K, used 613961K [0x0000000080000000, 0x00000000a5800000, 0x00000000d5580000)
  object space 614400K, 99% used [0x0000000080000000,0x00000000a57924b0,0x00000000a5800000)
 Metaspace       used 75509K, committed 77184K, reserved 1179648K
  class space    used 7549K, committed 8256K, reserved 1048576K
}
Event: 177.293 GC heap after
{Heap after GC invocations=681 (full 3):
 PSYoungGen      total 22528K, used 1881K [0x00000000d5580000, 0x00000000d6e00000, 0x0000000100000000)
  eden space 20480K, 0% used [0x00000000d5580000,0x00000000d5580000,0x00000000d6980000)
  from space 2048K, 91% used [0x00000000d6c00000,0x00000000d6dd6668,0x00000000d6e00000)
  to   space 2048K, 0% used [0x00000000d6a00000,0x00000000d6a00000,0x00000000d6c00000)
 ParOldGen       total 615936K, used 615429K [0x0000000080000000, 0x00000000a5980000, 0x00000000d5580000)
  object space 615936K, 99% used [0x0000000080000000,0x00000000a5901768,0x00000000a5980000)
 Metaspace       used 75509K, committed 77184K, reserved 1179648K
  class space    used 7549K, committed 8256K, reserved 1048576K
}
Event: 177.878 GC heap before
{Heap before GC invocations=682 (full 3):
 PSYoungGen      total 22528K, used 22361K [0x00000000d5580000, 0x00000000d6e00000, 0x0000000100000000)
  eden space 20480K, 100% used [0x00000000d5580000,0x00000000d6980000,0x00000000d6980000)
  from space 2048K, 91% used [0x00000000d6c00000,0x00000000d6dd6668,0x00000000d6e00000)
  to   space 2048K, 0% used [0x00000000d6a00000,0x00000000d6a00000,0x00000000d6c00000)
 ParOldGen       total 615936K, used 615429K [0x0000000080000000, 0x00000000a5980000, 0x00000000d5580000)
  object space 615936K, 99% used [0x0000000080000000,0x00000000a5901768,0x00000000a5980000)
 Metaspace       used 75802K, committed 77440K, reserved 1179648K
  class space    used 7579K, committed 8320K, reserved 1048576K
}
Event: 177.904 GC heap after
{Heap after GC invocations=682 (full 3):
 PSYoungGen      total 22528K, used 2019K [0x00000000d5580000, 0x00000000d7f80000, 0x0000000100000000)
  eden space 20480K, 0% used [0x00000000d5580000,0x00000000d5580000,0x00000000d6980000)
  from space 2048K, 98% used [0x00000000d6a00000,0x00000000d6bf8df0,0x00000000d6c00000)
  to   space 11264K, 0% used [0x00000000d7480000,0x00000000d7480000,0x00000000d7f80000)
 ParOldGen       total 623616K, used 623242K [0x0000000080000000, 0x00000000a6100000, 0x00000000d5580000)
  object space 623616K, 99% used [0x0000000080000000,0x00000000a60a29f8,0x00000000a6100000)
 Metaspace       used 75802K, committed 77440K, reserved 1179648K
  class space    used 7579K, committed 8320K, reserved 1048576K
}
Event: 178.405 GC heap before
{Heap before GC invocations=683 (full 3):
 PSYoungGen      total 22528K, used 22499K [0x00000000d5580000, 0x00000000d7f80000, 0x0000000100000000)
  eden space 20480K, 100% used [0x00000000d5580000,0x00000000d6980000,0x00000000d6980000)
  from space 2048K, 98% used [0x00000000d6a00000,0x00000000d6bf8df0,0x00000000d6c00000)
  to   space 11264K, 0% used [0x00000000d7480000,0x00000000d7480000,0x00000000d7f80000)
 ParOldGen       total 623616K, used 623242K [0x0000000080000000, 0x00000000a6100000, 0x00000000d5580000)
  object space 623616K, 99% used [0x0000000080000000,0x00000000a60a29f8,0x00000000a6100000)
 Metaspace       used 75858K, committed 77504K, reserved 1179648K
  class space    used 7584K, committed 8320K, reserved 1048576K
}
Event: 178.416 GC heap after
{Heap after GC invocations=683 (full 3):
 PSYoungGen      total 23552K, used 2682K [0x00000000d5580000, 0x00000000d7780000, 0x0000000100000000)
  eden space 20480K, 0% used [0x00000000d5580000,0x00000000d5580000,0x00000000d6980000)
  from space 3072K, 87% used [0x00000000d7480000,0x00000000d771e900,0x00000000d7780000)
  to   space 5632K, 0% used [0x00000000d6c80000,0x00000000d6c80000,0x00000000d7200000)
 ParOldGen       total 623616K, used 623526K [0x0000000080000000, 0x00000000a6100000, 0x00000000d5580000)
  object space 623616K, 99% used [0x0000000080000000,0x00000000a60e9870,0x00000000a6100000)
 Metaspace       used 75858K, committed 77504K, reserved 1179648K
  class space    used 7584K, committed 8320K, reserved 1048576K
}
Event: 178.892 GC heap before
{Heap before GC invocations=684 (full 3):
 PSYoungGen      total 23552K, used 23162K [0x00000000d5580000, 0x00000000d7780000, 0x0000000100000000)
  eden space 20480K, 100% used [0x00000000d5580000,0x00000000d6980000,0x00000000d6980000)
  from space 3072K, 87% used [0x00000000d7480000,0x00000000d771e900,0x00000000d7780000)
  to   space 5632K, 0% used [0x00000000d6c80000,0x00000000d6c80000,0x00000000d7200000)
 ParOldGen       total 623616K, used 623526K [0x0000000080000000, 0x00000000a6100000, 0x00000000d5580000)
  object space 623616K, 99% used [0x0000000080000000,0x00000000a60e9870,0x00000000a6100000)
 Metaspace       used 76682K, committed 78336K, reserved 1179648K
  class space    used 7672K, committed 8448K, reserved 1048576K
}
Event: 178.895 GC heap after
{Heap after GC invocations=684 (full 3):
 PSYoungGen      total 26112K, used 1594K [0x00000000d5580000, 0x00000000d7500000, 0x0000000100000000)
  eden space 20480K, 0% used [0x00000000d5580000,0x00000000d5580000,0x00000000d6980000)
  from space 5632K, 28% used [0x00000000d6c80000,0x00000000d6e0e920,0x00000000d7200000)
  to   space 2560K, 0% used [0x00000000d7280000,0x00000000d7280000,0x00000000d7500000)
 ParOldGen       total 626176K, used 625895K [0x0000000080000000, 0x00000000a6380000, 0x00000000d5580000)
  object space 626176K, 99% used [0x0000000080000000,0x00000000a6339d10,0x00000000a6380000)
 Metaspace       used 76682K, committed 78336K, reserved 1179648K
  class space    used 7672K, committed 8448K, reserved 1048576K
}
Event: 180.193 GC heap before
{Heap before GC invocations=685 (full 3):
 PSYoungGen      total 26112K, used 22074K [0x00000000d5580000, 0x00000000d7500000, 0x0000000100000000)
  eden space 20480K, 100% used [0x00000000d5580000,0x00000000d6980000,0x00000000d6980000)
  from space 5632K, 28% used [0x00000000d6c80000,0x00000000d6e0e920,0x00000000d7200000)
  to   space 2560K, 0% used [0x00000000d7280000,0x00000000d7280000,0x00000000d7500000)
 ParOldGen       total 626176K, used 625895K [0x0000000080000000, 0x00000000a6380000, 0x00000000d5580000)
  object space 626176K, 99% used [0x0000000080000000,0x00000000a6339d10,0x00000000a6380000)
 Metaspace       used 77079K, committed 78784K, reserved 1179648K
  class space    used 7723K, committed 8512K, reserved 1048576K
}
Event: 180.201 GC heap after
{Heap after GC invocations=685 (full 3):
 PSYoungGen      total 23040K, used 2547K [0x00000000d5580000, 0x00000000d7500000, 0x0000000100000000)
  eden space 20480K, 0% used [0x00000000d5580000,0x00000000d5580000,0x00000000d6980000)
  from space 2560K, 99% used [0x00000000d7280000,0x00000000d74fcde0,0x00000000d7500000)
  to   space 5120K, 0% used [0x00000000d6b00000,0x00000000d6b00000,0x00000000d7000000)
 ParOldGen       total 627712K, used 627605K [0x0000000080000000, 0x00000000a6500000, 0x00000000d5580000)
  object space 627712K, 99% used [0x0000000080000000,0x00000000a64e5448,0x00000000a6500000)
 Metaspace       used 77079K, committed 78784K, reserved 1179648K
  class space    used 7723K, committed 8512K, reserved 1048576K
}
Event: 180.541 GC heap before
{Heap before GC invocations=686 (full 3):
 PSYoungGen      total 23040K, used 23027K [0x00000000d5580000, 0x00000000d7500000, 0x0000000100000000)
  eden space 20480K, 100% used [0x00000000d5580000,0x00000000d6980000,0x00000000d6980000)
  from space 2560K, 99% used [0x00000000d7280000,0x00000000d74fcde0,0x00000000d7500000)
  to   space 5120K, 0% used [0x00000000d6b00000,0x00000000d6b00000,0x00000000d7000000)
 ParOldGen       total 627712K, used 627605K [0x0000000080000000, 0x00000000a6500000, 0x00000000d5580000)
  object space 627712K, 99% used [0x0000000080000000,0x00000000a64e5448,0x00000000a6500000)
 Metaspace       used 77164K, committed 78848K, reserved 1179648K
  class space    used 7724K, committed 8512K, reserved 1048576K
}
Event: 180.551 GC heap after
{Heap after GC invocations=686 (full 3):
 PSYoungGen      total 25600K, used 5092K [0x00000000d5580000, 0x00000000d8180000, 0x0000000100000000)
  eden space 20480K, 0% used [0x00000000d5580000,0x00000000d5580000,0x00000000d6980000)
  from space 5120K, 99% used [0x00000000d6b00000,0x00000000d6ff9210,0x00000000d7000000)
  to   space 12288K, 0% used [0x00000000d7580000,0x00000000d7580000,0x00000000d8180000)
 ParOldGen       total 633344K, used 633248K [0x0000000080000000, 0x00000000a6a80000, 0x00000000d5580000)
  object space 633344K, 99% used [0x0000000080000000,0x00000000a6a680e8,0x00000000a6a80000)
 Metaspace       used 77164K, committed 78848K, reserved 1179648K
  class space    used 7724K, committed 8512K, reserved 1048576K
}
Event: 183.172 GC heap before
{Heap before GC invocations=687 (full 3):
 PSYoungGen      total 25600K, used 22816K [0x00000000d5580000, 0x00000000d8180000, 0x0000000100000000)
  eden space 20480K, 86% used [0x00000000d5580000,0x00000000d66cef00,0x00000000d6980000)
  from space 5120K, 99% used [0x00000000d6b00000,0x00000000d6ff9210,0x00000000d7000000)
  to   space 12288K, 0% used [0x00000000d7580000,0x00000000d7580000,0x00000000d8180000)
 ParOldGen       total 633344K, used 633248K [0x0000000080000000, 0x00000000a6a80000, 0x00000000d5580000)
  object space 633344K, 99% used [0x0000000080000000,0x00000000a6a680e8,0x00000000a6a80000)
 Metaspace       used 77223K, committed 78912K, reserved 1179648K
  class space    used 7726K, committed 8512K, reserved 1048576K
}
Event: 183.192 GC heap after
{Heap after GC invocations=687 (full 3):
 PSYoungGen      total 23040K, used 2212K [0x00000000d5580000, 0x00000000d7800000, 0x0000000100000000)
  eden space 20480K, 0% used [0x00000000d5580000,0x00000000d5580000,0x00000000d6980000)
  from space 2560K, 86% used [0x00000000d7580000,0x00000000d77a9250,0x00000000d7800000)
  to   space 5632K, 0% used [0x00000000d6d00000,0x00000000d6d00000,0x00000000d7280000)
 ParOldGen       total 638464K, used 638347K [0x0000000080000000, 0x00000000a6f80000, 0x00000000d5580000)
  object space 638464K, 99% used [0x0000000080000000,0x00000000a6f62de8,0x00000000a6f80000)
 Metaspace       used 77223K, committed 78912K, reserved 1179648K
  class space    used 7726K, committed 8512K, reserved 1048576K
}
Event: 183.192 GC heap before
{Heap before GC invocations=688 (full 4):
 PSYoungGen      total 23040K, used 2212K [0x00000000d5580000, 0x00000000d7800000, 0x0000000100000000)
  eden space 20480K, 0% used [0x00000000d5580000,0x00000000d5580000,0x00000000d6980000)
  from space 2560K, 86% used [0x00000000d7580000,0x00000000d77a9250,0x00000000d7800000)
  to   space 5632K, 0% used [0x00000000d6d00000,0x00000000d6d00000,0x00000000d7280000)
 ParOldGen       total 638464K, used 638347K [0x0000000080000000, 0x00000000a6f80000, 0x00000000d5580000)
  object space 638464K, 99% used [0x0000000080000000,0x00000000a6f62de8,0x00000000a6f80000)
 Metaspace       used 77223K, committed 78912K, reserved 1179648K
  class space    used 7726K, committed 8512K, reserved 1048576K
}
Event: 190.258 GC heap after
{Heap after GC invocations=688 (full 4):
 PSYoungGen      total 23040K, used 0K [0x00000000d5580000, 0x00000000d7800000, 0x0000000100000000)
  eden space 20480K, 0% used [0x00000000d5580000,0x00000000d5580000,0x00000000d6980000)
  from space 2560K, 0% used [0x00000000d7580000,0x00000000d7580000,0x00000000d7800000)
  to   space 5632K, 0% used [0x00000000d6d00000,0x00000000d6d00000,0x00000000d7280000)
 ParOldGen       total 638464K, used 221935K [0x0000000080000000, 0x00000000a6f80000, 0x00000000d5580000)
  object space 638464K, 34% used [0x0000000080000000,0x000000008d8bbe78,0x00000000a6f80000)
 Metaspace       used 77217K, committed 78912K, reserved 1179648K
  class space    used 7724K, committed 8512K, reserved 1048576K
}

Dll operation events (10 events):
Event: 0.029 Loaded shared library c:\Users\ASUS\.vscode\extensions\redhat.java-1.54.0-win32-x64\jre\21.0.10-win32-x86_64\bin\java.dll
Event: 0.153 Loaded shared library c:\Users\ASUS\.vscode\extensions\redhat.java-1.54.0-win32-x64\jre\21.0.10-win32-x86_64\bin\zip.dll
Event: 0.194 Loaded shared library C:\Users\ASUS\.vscode\extensions\redhat.java-1.54.0-win32-x64\jre\21.0.10-win32-x86_64\bin\instrument.dll
Event: 0.204 Loaded shared library C:\Users\ASUS\.vscode\extensions\redhat.java-1.54.0-win32-x64\jre\21.0.10-win32-x86_64\bin\net.dll
Event: 0.209 Loaded shared library C:\Users\ASUS\.vscode\extensions\redhat.java-1.54.0-win32-x64\jre\21.0.10-win32-x86_64\bin\nio.dll
Event: 0.216 Loaded shared library C:\Users\ASUS\.vscode\extensions\redhat.java-1.54.0-win32-x64\jre\21.0.10-win32-x86_64\bin\zip.dll
Event: 0.254 Loaded shared library C:\Users\ASUS\.vscode\extensions\redhat.java-1.54.0-win32-x64\jre\21.0.10-win32-x86_64\bin\jimage.dll
Event: 0.401 Loaded shared library c:\Users\ASUS\.vscode\extensions\redhat.java-1.54.0-win32-x64\jre\21.0.10-win32-x86_64\bin\verify.dll
Event: 2.234 Loaded shared library C:\Users\ASUS\AppData\Roaming\Code\User\globalStorage\redhat.java\1.54.0\config_win\org.eclipse.equinox.launcher\org.eclipse.equinox.launcher.win32.win32.x86_64_1.3.0.v20260203-2149\eclipse_11919.dll
Event: 8.283 Loaded shared library C:\Users\ASUS\AppData\Local\Temp\jna-2018896\jna14051206951544873626.dll

Deoptimization events (20 events):
Event: 181.597 Thread 0x000001ce7e40a380 Uncommon trap: reason=unstable_if action=reinterpret pc=0x000001ce27522c24 method=java.lang.String.getChars(II[CI)V @ 24 c2
Event: 181.597 Thread 0x000001ce7e40a380 DEOPT PACKING pc=0x000001ce27522c24 sp=0x00000062415fe3a0
Event: 181.598 Thread 0x000001ce7e40a380 DEOPT UNPACKING pc=0x000001ce26c23aa2 sp=0x00000062415fe360 mode 2
Event: 183.052 Thread 0x000001ce7f8ddfa0 Uncommon trap: trap_request=0xffffffd6 fr.pc=0x000001ce27eafa88 relative=0x00000000000001e8
Event: 183.052 Thread 0x000001ce7f8ddfa0 Uncommon trap: reason=array_check action=maybe_recompile pc=0x000001ce27eafa88 method=java.util.LinkedHashMap.keysToArray([Ljava/lang/Object;Z)[Ljava/lang/Object; @ 67 c2
Event: 183.052 Thread 0x000001ce7f8ddfa0 DEOPT PACKING pc=0x000001ce27eafa88 sp=0x00000062400fe040
Event: 183.052 Thread 0x000001ce7f8ddfa0 DEOPT UNPACKING pc=0x000001ce26c23aa2 sp=0x00000062400fdf58 mode 2
Event: 183.056 Thread 0x000001ce7f8ddfa0 Uncommon trap: trap_request=0xffffffd6 fr.pc=0x000001ce27eafa88 relative=0x00000000000001e8
Event: 183.056 Thread 0x000001ce7f8ddfa0 Uncommon trap: reason=array_check action=maybe_recompile pc=0x000001ce27eafa88 method=java.util.LinkedHashMap.keysToArray([Ljava/lang/Object;Z)[Ljava/lang/Object; @ 67 c2
Event: 183.056 Thread 0x000001ce7f8ddfa0 DEOPT PACKING pc=0x000001ce27eafa88 sp=0x00000062400fd780
Event: 183.056 Thread 0x000001ce7f8ddfa0 DEOPT UNPACKING pc=0x000001ce26c23aa2 sp=0x00000062400fd698 mode 2
Event: 183.074 Thread 0x000001ce7f8ddfa0 Uncommon trap: trap_request=0xffffffd6 fr.pc=0x000001ce27eafa88 relative=0x00000000000001e8
Event: 183.075 Thread 0x000001ce7f8ddfa0 Uncommon trap: reason=array_check action=maybe_recompile pc=0x000001ce27eafa88 method=java.util.LinkedHashMap.keysToArray([Ljava/lang/Object;Z)[Ljava/lang/Object; @ 67 c2
Event: 183.075 Thread 0x000001ce7f8ddfa0 DEOPT PACKING pc=0x000001ce27eafa88 sp=0x00000062400fe0a0
Event: 183.075 Thread 0x000001ce7f8ddfa0 DEOPT UNPACKING pc=0x000001ce26c23aa2 sp=0x00000062400fdfb8 mode 2
Event: 183.078 Thread 0x000001ce7f8ddfa0 Uncommon trap: trap_request=0xffffffd6 fr.pc=0x000001ce27eafa88 relative=0x00000000000001e8
Event: 183.078 Thread 0x000001ce7f8ddfa0 Uncommon trap: reason=array_check action=maybe_recompile pc=0x000001ce27eafa88 method=java.util.LinkedHashMap.keysToArray([Ljava/lang/Object;Z)[Ljava/lang/Object; @ 67 c2
Event: 183.078 Thread 0x000001ce7f8ddfa0 DEOPT PACKING pc=0x000001ce27eafa88 sp=0x00000062400fe0a0
Event: 183.078 Thread 0x000001ce7f8ddfa0 DEOPT UNPACKING pc=0x000001ce26c23aa2 sp=0x00000062400fdfb8 mode 2
Event: 191.268 Thread 0x000001ce7b332930 DEOPT PACKING pc=0x000001ce212bbcfe sp=0x000000623f5feae0

Classes loaded (20 events):
Event: 95.129 Loading class java/util/HashMap$EntrySpliterator
Event: 95.138 Loading class java/util/HashMap$EntrySpliterator done
Event: 95.692 Loading class java/util/stream/ReduceOps$5
Event: 95.696 Loading class java/util/stream/ReduceOps$5 done
Event: 95.697 Loading class java/util/stream/ReduceOps$CountingSink$OfRef
Event: 95.697 Loading class java/util/stream/ReduceOps$CountingSink
Event: 95.697 Loading class java/util/stream/ReduceOps$CountingSink done
Event: 95.698 Loading class java/util/stream/ReduceOps$CountingSink$OfRef done
Event: 155.393 Loading class org/xml/sax/SAXNotRecognizedException
Event: 155.400 Loading class org/xml/sax/SAXNotRecognizedException done
Event: 155.401 Loading class org/xml/sax/SAXNotSupportedException
Event: 155.404 Loading class org/xml/sax/SAXNotSupportedException done
Event: 155.466 Loading class com/sun/org/apache/xerces/internal/util/URI
Event: 155.540 Loading class com/sun/org/apache/xerces/internal/util/URI done
Event: 155.581 Loading class com/sun/org/apache/xerces/internal/xni/XNIException
Event: 155.589 Loading class com/sun/org/apache/xerces/internal/xni/XNIException done
Event: 156.317 Loading class com/sun/org/apache/xerces/internal/xni/parser/XMLParseException
Event: 156.332 Loading class com/sun/org/apache/xerces/internal/xni/parser/XMLParseException done
Event: 177.364 Loading class jdk/internal/ref/CleanerImpl$InnocuousThreadFactory
Event: 177.369 Loading class jdk/internal/ref/CleanerImpl$InnocuousThreadFactory done

Classes unloaded (11 events):
Event: 9.718 Thread 0x000001ce1c63e960 Unloading class 0x000001ce341aa800 'java/lang/invoke/LambdaForm$MH+0x000001ce341aa800'
Event: 9.718 Thread 0x000001ce1c63e960 Unloading class 0x000001ce341aa400 'java/lang/invoke/LambdaForm$MH+0x000001ce341aa400'
Event: 9.718 Thread 0x000001ce1c63e960 Unloading class 0x000001ce341aa000 'java/lang/invoke/LambdaForm$MH+0x000001ce341aa000'
Event: 9.718 Thread 0x000001ce1c63e960 Unloading class 0x000001ce341a9c00 'java/lang/invoke/LambdaForm$MH+0x000001ce341a9c00'
Event: 9.718 Thread 0x000001ce1c63e960 Unloading class 0x000001ce341a9800 'java/lang/invoke/LambdaForm$BMH+0x000001ce341a9800'
Event: 9.718 Thread 0x000001ce1c63e960 Unloading class 0x000001ce341a9400 'java/lang/invoke/LambdaForm$DMH+0x000001ce341a9400'
Event: 9.718 Thread 0x000001ce1c63e960 Unloading class 0x000001ce341a8000 'java/lang/invoke/LambdaForm$DMH+0x000001ce341a8000'
Event: 184.792 Thread 0x000001ce1c63e960 Unloading class 0x000001ce34701000 'java/lang/invoke/LambdaForm$DMH+0x000001ce34701000'
Event: 184.796 Thread 0x000001ce1c63e960 Unloading class 0x000001ce34700c00 'java/lang/invoke/LambdaForm$DMH+0x000001ce34700c00'
Event: 184.796 Thread 0x000001ce1c63e960 Unloading class 0x000001ce34700800 'java/lang/invoke/LambdaForm$DMH+0x000001ce34700800'
Event: 184.796 Thread 0x000001ce1c63e960 Unloading class 0x000001ce34700400 'java/lang/invoke/LambdaForm$DMH+0x000001ce34700400'

Classes redefined (0 events):
No events

Internal exceptions (20 events):
Event: 94.217 Thread 0x000001ce7f8da490 Exception <a 'sun/nio/fs/WindowsException'{0x00000000d69649d8}> (0x00000000d69649d8) 
thrown [s\src\hotspot\share\prims\jni.cpp, line 520]
Event: 94.288 Thread 0x000001ce7f8da490 Exception <a 'sun/nio/fs/WindowsException'{0x00000000d6797fe0}> (0x00000000d6797fe0) 
thrown [s\src\hotspot\share\prims\jni.cpp, line 520]
Event: 94.288 Thread 0x000001ce7f8da490 Exception <a 'sun/nio/fs/WindowsException'{0x00000000d6798b30}> (0x00000000d6798b30) 
thrown [s\src\hotspot\share\prims\jni.cpp, line 520]
Event: 94.611 Thread 0x000001ce109e3fb0 Exception <a 'java/lang/IncompatibleClassChangeError'{0x00000000d5a896f0}: Found class java.lang.Object, but interface was expected> (0x00000000d5a896f0) 
thrown [s\src\hotspot\share\interpreter\linkResolver.cpp, line 840]
Event: 157.498 Thread 0x000001ce7b330ef0 Exception <a 'sun/nio/fs/WindowsException'{0x00000000d5ec0bb8}> (0x00000000d5ec0bb8) 
thrown [s\src\hotspot\share\prims\jni.cpp, line 520]
Event: 157.501 Thread 0x000001ce7b330ef0 Exception <a 'sun/nio/fs/WindowsException'{0x00000000d5ec1238}> (0x00000000d5ec1238) 
thrown [s\src\hotspot\share\prims\jni.cpp, line 520]
Event: 157.502 Thread 0x000001ce7b330ef0 Exception <a 'sun/nio/fs/WindowsException'{0x00000000d5ec1648}> (0x00000000d5ec1648) 
thrown [s\src\hotspot\share\prims\jni.cpp, line 520]
Event: 157.510 Thread 0x000001ce7b330ef0 Exception <a 'sun/nio/fs/WindowsException'{0x00000000d5eca5f0}> (0x00000000d5eca5f0) 
thrown [s\src\hotspot\share\prims\jni.cpp, line 520]
Event: 157.510 Thread 0x000001ce7b330ef0 Exception <a 'sun/nio/fs/WindowsException'{0x00000000d5ecac88}> (0x00000000d5ecac88) 
thrown [s\src\hotspot\share\prims\jni.cpp, line 520]
Event: 169.056 Thread 0x000001ce7e40a380 Exception <a 'java/lang/IncompatibleClassChangeError'{0x00000000d5dab9e0}: Found class java.lang.Object, but interface was expected> (0x00000000d5dab9e0) 
thrown [s\src\hotspot\share\interpreter\linkResolver.cpp, line 840]
Event: 169.928 Thread 0x000001ce7e40a380 Exception <a 'java/lang/IncompatibleClassChangeError'{0x00000000d6182940}: Found class java.lang.Object, but interface was expected> (0x00000000d6182940) 
thrown [s\src\hotspot\share\interpreter\linkResolver.cpp, line 840]
Event: 169.974 Thread 0x000001ce109e3fb0 Exception <a 'java/lang/NoSuchMethodError'{0x00000000d61c1868}: 'java.lang.Object java.lang.invoke.DirectMethodHandle$Holder.invokeSpecial(java.lang.Object, java.lang.Object, java.lang.Object, java.lang.Object, int, java.lang.Object, java.lang.Object)'> (0x00000000d61c1868) 
thrown [s\src\hotspot\share\interpreter\linkResolver.cpp, line 773]
Event: 175.831 Thread 0x000001ce7e40a380 Exception <a 'java/lang/IncompatibleClassChangeError'{0x00000000d5890dd8}: Found class java.lang.Object, but interface was expected> (0x00000000d5890dd8) 
thrown [s\src\hotspot\share\interpreter\linkResolver.cpp, line 840]
Event: 176.179 Thread 0x000001ce109e3fb0 Exception <a 'java/lang/NoSuchMethodError'{0x00000000d655ac08}: 'java.lang.Object java.lang.invoke.DirectMethodHandle$Holder.invokeStatic(java.lang.Object, int, int, java.lang.Object)'> (0x00000000d655ac08) 
thrown [s\src\hotspot\share\interpreter\linkResolver.cpp, line 773]
Event: 176.285 Thread 0x000001ce109e3fb0 Exception <a 'java/lang/NoSuchMethodError'{0x00000000d68f81a8}: 'java.lang.Object java.lang.invoke.DirectMethodHandle$Holder.invokeStatic(java.lang.Object, int, java.lang.Object)'> (0x00000000d68f81a8) 
thrown [s\src\hotspot\share\interpreter\linkResolver.cpp, line 773]
Event: 176.457 Thread 0x000001ce109dea60 Implicit null exception at 0x000001ce27840dda to 0x000001ce27840e33
Event: 177.473 Thread 0x000001ce7f8dd280 Implicit null exception at 0x000001ce27c562ef to 0x000001ce27c5801c
Event: 177.478 Thread 0x000001ce7f8dd280 Implicit null exception at 0x000001ce27c59f98 to 0x000001ce27c5baac
Event: 178.965 Thread 0x000001ce7f8dd280 Exception <a 'java/lang/NoSuchMethodError'{0x00000000d5b839e8}: 'java.lang.Object java.lang.invoke.DirectMethodHandle$Holder.newInvokeSpecial(java.lang.Object, java.lang.Object, int, java.lang.Object, java.lang.Object, java.lang.Object, java.lang.Object)'> (0x00000000d5b839e8) 
thrown [s\src\hotspot\share\interpreter\linkResolver.cpp, line 773]
Event: 190.288 Thread 0x000001ce7e40a380 Exception <a 'java/lang/IncompatibleClassChangeError'{0x00000000d55cce80}: Found class java.lang.Object, but interface was expected> (0x00000000d55cce80) 
thrown [s\src\hotspot\share\interpreter\linkResolver.cpp, line 840]

ZGC Phase Switch (0 events):
No events

VM Operations (20 events):
Event: 178.416 Executing safepoint VM operation: ParallelGCFailedAllocation (Allocation Failure) done
Event: 178.656 Executing non-safepoint VM operation: HandshakeAllThreads (Deoptimize)
Event: 178.656 Executing non-safepoint VM operation: HandshakeAllThreads (Deoptimize) done
Event: 178.892 Executing safepoint VM operation: ParallelGCFailedAllocation (Allocation Failure)
Event: 178.896 Executing safepoint VM operation: ParallelGCFailedAllocation (Allocation Failure) done
Event: 180.193 Executing safepoint VM operation: ParallelGCFailedAllocation (Allocation Failure)
Event: 180.201 Executing safepoint VM operation: ParallelGCFailedAllocation (Allocation Failure) done
Event: 180.423 Executing non-safepoint VM operation: HandshakeAllThreads (HandshakeForDeflation)
Event: 180.423 Executing non-safepoint VM operation: HandshakeAllThreads (HandshakeForDeflation) done
Event: 180.423 Executing non-safepoint VM operation: RendezvousGCThreads
Event: 180.423 Executing non-safepoint VM operation: RendezvousGCThreads done
Event: 180.540 Executing safepoint VM operation: ParallelGCFailedAllocation (Allocation Failure)
Event: 180.552 Executing safepoint VM operation: ParallelGCFailedAllocation (Allocation Failure) done
Event: 181.552 Executing safepoint VM operation: Cleanup
Event: 181.552 Executing safepoint VM operation: Cleanup done
Event: 182.554 Executing safepoint VM operation: Cleanup
Event: 182.554 Executing safepoint VM operation: Cleanup done
Event: 183.171 Executing safepoint VM operation: ParallelGCSystemGC (CodeCache GC Threshold)
Event: 190.260 Executing safepoint VM operation: ParallelGCSystemGC (CodeCache GC Threshold) done
Event: 191.267 Executing safepoint VM operation: Cleanup

Memory protections (0 events):
No events

Nmethod flushes (20 events):
Event: 187.807 Thread 0x000001ce1c63e960 flushing  nmethod 0x000001ce20c39590
Event: 187.807 Thread 0x000001ce1c63e960 flushing  nmethod 0x000001ce20c3c710
Event: 187.807 Thread 0x000001ce1c63e960 flushing  nmethod 0x000001ce20c42210
Event: 187.807 Thread 0x000001ce1c63e960 flushing  nmethod 0x000001ce20c43690
Event: 187.807 Thread 0x000001ce1c63e960 flushing  nmethod 0x000001ce20c43a10
Event: 187.807 Thread 0x000001ce1c63e960 flushing  nmethod 0x000001ce20c45e10
Event: 187.808 Thread 0x000001ce1c63e960 flushing  nmethod 0x000001ce20c55f10
Event: 187.808 Thread 0x000001ce1c63e960 flushing  nmethod 0x000001ce20c56b90
Event: 187.808 Thread 0x000001ce1c63e960 flushing  nmethod 0x000001ce20c57010
Event: 187.808 Thread 0x000001ce1c63e960 flushing  nmethod 0x000001ce20c57590
Event: 187.808 Thread 0x000001ce1c63e960 flushing  nmethod 0x000001ce20c58590
Event: 187.808 Thread 0x000001ce1c63e960 flushing  nmethod 0x000001ce20c58b10
Event: 187.808 Thread 0x000001ce1c63e960 flushing  nmethod 0x000001ce20c5aa90
Event: 187.808 Thread 0x000001ce1c63e960 flushing  nmethod 0x000001ce20c5c290
Event: 187.808 Thread 0x000001ce1c63e960 flushing  nmethod 0x000001ce20c5d490
Event: 187.808 Thread 0x000001ce1c63e960 flushing  nmethod 0x000001ce20c62a10
Event: 187.808 Thread 0x000001ce1c63e960 flushing  nmethod 0x000001ce20c84810
Event: 187.808 Thread 0x000001ce1c63e960 flushing  nmethod 0x000001ce20c85810
Event: 187.808 Thread 0x000001ce1c63e960 flushing osr nmethod 0x000001ce20cc2110
Event: 187.808 Thread 0x000001ce1c63e960 flushing osr nmethod 0x000001ce20cdb890

Events (20 events):
Event: 89.043 Thread 0x000001ce7e40a380 Thread added: 0x000001ce7f8da490
Event: 89.285 Thread 0x000001ce109e2570 Thread added: 0x000001ce7f8ddfa0
Event: 89.286 Thread 0x000001ce109e4640 Thread added: 0x000001ce7f8dab20
Event: 89.287 Thread 0x000001ce7f8ddfa0 Thread added: 0x000001ce7f8dd280
Event: 89.289 Thread 0x000001ce7f8dd280 Thread added: 0x000001ce7f8de630
Event: 89.291 Thread 0x000001ce7f8dab20 Thread added: 0x000001ce7f8db1b0
Event: 89.305 Thread 0x000001ce7f8de630 Thread added: 0x000001ce7f8decc0
Event: 89.313 Thread 0x000001ce7f8db1b0 Thread added: 0x000001ce7f8db840
Event: 89.313 Thread 0x000001ce7f8decc0 Thread added: 0x000001ce7f8df350
Event: 89.314 Thread 0x000001ce7f8de630 Thread added: 0x000001ce7f8dbed0
Event: 89.316 Thread 0x000001ce7f8db840 Thread added: 0x000001ce7f8df9e0
Event: 92.880 Thread 0x000001ce7e40bdc0 Thread exited: 0x000001ce7e40bdc0
Event: 130.420 Thread 0x000001ce756c4290 Thread added: 0x000001ce7bff2f80
Event: 138.079 Thread 0x000001ce7bff2f80 Thread exited: 0x000001ce7bff2f80
Event: 147.613 Thread 0x000001ce10ed3200 Thread exited: 0x000001ce10ed3200
Event: 152.901 Thread 0x000001ce7df75970 Thread exited: 0x000001ce7df75970
Event: 156.685 Thread 0x000001ce759cd4a0 Thread exited: 0x000001ce759cd4a0
Event: 157.543 Thread 0x000001ce7b333ce0 Thread exited: 0x000001ce7b333ce0
Event: 158.397 Thread 0x000001ce7b333650 Thread exited: 0x000001ce7b333650
Event: 177.376 Thread 0x000001ce7f8dd280 Thread added: 0x000001ce7b333ce0


Dynamic libraries:
0x00007ff726760000 - 0x00007ff72676e000 	c:\Users\ASUS\.vscode\extensions\redhat.java-1.54.0-win32-x64\jre\21.0.10-win32-x86_64\bin\java.exe
0x00007ff8d7900000 - 0x00007ff8d7b69000 	C:\WINDOWS\SYSTEM32\ntdll.dll
0x00007ff8d6b60000 - 0x00007ff8d6c29000 	C:\WINDOWS\System32\KERNEL32.DLL
0x00007ff8d4da0000 - 0x00007ff8d5193000 	C:\WINDOWS\System32\KERNELBASE.dll
0x00007ff8d51a0000 - 0x00007ff8d52eb000 	C:\WINDOWS\System32\ucrtbase.dll
0x00007ff8ce480000 - 0x00007ff8ce498000 	c:\Users\ASUS\.vscode\extensions\redhat.java-1.54.0-win32-x64\jre\21.0.10-win32-x86_64\bin\jli.dll
0x00007ff8cfaf0000 - 0x00007ff8cfb0e000 	c:\Users\ASUS\.vscode\extensions\redhat.java-1.54.0-win32-x64\jre\21.0.10-win32-x86_64\bin\VCRUNTIME140.dll
0x00007ff8d5900000 - 0x00007ff8d5ac4000 	C:\WINDOWS\System32\USER32.dll
0x00007ff8ba740000 - 0x00007ff8ba9d3000 	C:\WINDOWS\WinSxS\amd64_microsoft.windows.common-controls_6595b64144ccf1df_6.0.26100.5074_none_3e0d6f78e32fd63f\COMCTL32.dll
0x00007ff8d4b00000 - 0x00007ff8d4b27000 	C:\WINDOWS\System32\win32u.dll
0x00007ff8d75e0000 - 0x00007ff8d7689000 	C:\WINDOWS\System32\msvcrt.dll
0x00007ff8d7730000 - 0x00007ff8d775b000 	C:\WINDOWS\System32\GDI32.dll
0x00007ff8d4be0000 - 0x00007ff8d4d0d000 	C:\WINDOWS\System32\gdi32full.dll
0x00007ff8d4b30000 - 0x00007ff8d4bd3000 	C:\WINDOWS\System32\msvcp_win.dll
0x00007ff8d68a0000 - 0x00007ff8d68cf000 	C:\WINDOWS\System32\IMM32.DLL
0x00007ff8cfae0000 - 0x00007ff8cfaec000 	c:\Users\ASUS\.vscode\extensions\redhat.java-1.54.0-win32-x64\jre\21.0.10-win32-x86_64\bin\vcruntime140_1.dll
0x00007ff89f1c0000 - 0x00007ff89f24d000 	c:\Users\ASUS\.vscode\extensions\redhat.java-1.54.0-win32-x64\jre\21.0.10-win32-x86_64\bin\msvcp140.dll
0x00007ff817c30000 - 0x00007ff8189d1000 	c:\Users\ASUS\.vscode\extensions\redhat.java-1.54.0-win32-x64\jre\21.0.10-win32-x86_64\bin\server\jvm.dll
0x00007ff8d77d0000 - 0x00007ff8d7884000 	C:\WINDOWS\System32\ADVAPI32.dll
0x00007ff8d68e0000 - 0x00007ff8d6986000 	C:\WINDOWS\System32\sechost.dll
0x00007ff8d5e70000 - 0x00007ff8d5f88000 	C:\WINDOWS\System32\RPCRT4.dll
0x00007ff8d7380000 - 0x00007ff8d73f4000 	C:\WINDOWS\System32\WS2_32.dll
0x00007ff8d48c0000 - 0x00007ff8d491e000 	C:\WINDOWS\SYSTEM32\POWRPROF.dll
0x00007ff8ce630000 - 0x00007ff8ce63b000 	C:\WINDOWS\SYSTEM32\VERSION.dll
0x00007ff8c84a0000 - 0x00007ff8c84d5000 	C:\WINDOWS\SYSTEM32\WINMM.dll
0x00007ff8d48a0000 - 0x00007ff8d48b4000 	C:\WINDOWS\SYSTEM32\UMPDC.dll
0x00007ff8d3800000 - 0x00007ff8d381b000 	C:\WINDOWS\SYSTEM32\kernel.appcore.dll
0x00007ff8cd290000 - 0x00007ff8cd29a000 	c:\Users\ASUS\.vscode\extensions\redhat.java-1.54.0-win32-x64\jre\21.0.10-win32-x86_64\bin\jimage.dll
0x00007ff8c6660000 - 0x00007ff8c68a2000 	C:\WINDOWS\SYSTEM32\DBGHELP.DLL
0x00007ff8d5f90000 - 0x00007ff8d630b000 	C:\WINDOWS\System32\combase.dll
0x00007ff8d74d0000 - 0x00007ff8d75a7000 	C:\WINDOWS\System32\OLEAUT32.dll
0x00007ff8bbc80000 - 0x00007ff8bbcbd000 	C:\WINDOWS\SYSTEM32\dbgcore.DLL
0x00007ff8d4a60000 - 0x00007ff8d4af9000 	C:\WINDOWS\System32\bcryptPrimitives.dll
0x00007ff8cfc60000 - 0x00007ff8cfc6f000 	c:\Users\ASUS\.vscode\extensions\redhat.java-1.54.0-win32-x64\jre\21.0.10-win32-x86_64\bin\instrument.dll
0x00007ff8b5130000 - 0x00007ff8b5150000 	c:\Users\ASUS\.vscode\extensions\redhat.java-1.54.0-win32-x64\jre\21.0.10-win32-x86_64\bin\java.dll
0x00007ff8d6c30000 - 0x00007ff8d737d000 	C:\WINDOWS\System32\SHELL32.dll
0x00007ff8d5470000 - 0x00007ff8d55dc000 	C:\WINDOWS\System32\wintypes.dll
0x00007ff8d2670000 - 0x00007ff8d2ec9000 	C:\WINDOWS\SYSTEM32\windows.storage.dll
0x00007ff8d67a0000 - 0x00007ff8d6890000 	C:\WINDOWS\System32\SHCORE.dll
0x00007ff8d7760000 - 0x00007ff8d77c2000 	C:\WINDOWS\System32\shlwapi.dll
0x00007ff8d4980000 - 0x00007ff8d49a9000 	C:\WINDOWS\SYSTEM32\profapi.dll
0x00007ff8b5110000 - 0x00007ff8b5128000 	c:\Users\ASUS\.vscode\extensions\redhat.java-1.54.0-win32-x64\jre\21.0.10-win32-x86_64\bin\zip.dll
0x00007ff8cd280000 - 0x00007ff8cd290000 	C:\Users\ASUS\.vscode\extensions\redhat.java-1.54.0-win32-x64\jre\21.0.10-win32-x86_64\bin\net.dll
0x00007ff8cdaa0000 - 0x00007ff8cdbbf000 	C:\WINDOWS\SYSTEM32\WINHTTP.dll
0x00007ff8d3d60000 - 0x00007ff8d3dcb000 	C:\WINDOWS\system32\mswsock.dll
0x00007ff8b5a20000 - 0x00007ff8b5a36000 	C:\Users\ASUS\.vscode\extensions\redhat.java-1.54.0-win32-x64\jre\21.0.10-win32-x86_64\bin\nio.dll
0x00007ff8cfc50000 - 0x00007ff8cfc60000 	c:\Users\ASUS\.vscode\extensions\redhat.java-1.54.0-win32-x64\jre\21.0.10-win32-x86_64\bin\verify.dll
0x00007ff8cfbd0000 - 0x00007ff8cfc15000 	C:\Users\ASUS\AppData\Roaming\Code\User\globalStorage\redhat.java\1.54.0\config_win\org.eclipse.equinox.launcher\org.eclipse.equinox.launcher.win32.win32.x86_64_1.3.0.v20260203-2149\eclipse_11919.dll
0x00007ff8d6990000 - 0x00007ff8d6b28000 	C:\WINDOWS\System32\ole32.dll
0x00007ff8d4130000 - 0x00007ff8d414b000 	C:\WINDOWS\SYSTEM32\CRYPTSP.dll
0x00007ff8d3760000 - 0x00007ff8d379b000 	C:\WINDOWS\system32\rsaenh.dll
0x00007ff8d3e00000 - 0x00007ff8d3e2b000 	C:\WINDOWS\SYSTEM32\USERENV.dll
0x00007ff8d4950000 - 0x00007ff8d4976000 	C:\WINDOWS\SYSTEM32\bcrypt.dll
0x00007ff8d3f90000 - 0x00007ff8d3f9c000 	C:\WINDOWS\SYSTEM32\CRYPTBASE.dll
0x00007ff8d32a0000 - 0x00007ff8d32d4000 	C:\WINDOWS\SYSTEM32\IPHLPAPI.DLL
0x00007ff8d56a0000 - 0x00007ff8d56aa000 	C:\WINDOWS\System32\NSI.dll
0x00007ff8cfb80000 - 0x00007ff8cfbc9000 	C:\Users\ASUS\AppData\Local\Temp\jna-2018896\jna14051206951544873626.dll
0x00007ff8d7690000 - 0x00007ff8d7698000 	C:\WINDOWS\System32\PSAPI.DLL
0x00007ff8ce600000 - 0x00007ff8ce61e000 	C:\WINDOWS\SYSTEM32\dhcpcsvc6.DLL
0x00007ff8ce110000 - 0x00007ff8ce133000 	C:\WINDOWS\SYSTEM32\dhcpcsvc.DLL

JVMTI agents:
c:\Users\ASUS\.vscode\extensions\redhat.java-1.54.0-win32-x64\lombok\lombok-1.18.39-4050.jar path:c:\Users\ASUS\.vscode\extensions\redhat.java-1.54.0-win32-x64\jre\21.0.10-win32-x86_64\bin\instrument.dll, loaded, initialized, instrumentlib options:none

dbghelp: loaded successfully - version: 4.0.5 - missing functions: none
symbol engine: initialized successfully - sym options: 0x614 - pdb path: .;c:\Users\ASUS\.vscode\extensions\redhat.java-1.54.0-win32-x64\jre\21.0.10-win32-x86_64\bin;C:\WINDOWS\SYSTEM32;C:\WINDOWS\WinSxS\amd64_microsoft.windows.common-controls_6595b64144ccf1df_6.0.26100.5074_none_3e0d6f78e32fd63f;c:\Users\ASUS\.vscode\extensions\redhat.java-1.54.0-win32-x64\jre\21.0.10-win32-x86_64\bin\server;C:\Users\ASUS\AppData\Roaming\Code\User\globalStorage\redhat.java\1.54.0\config_win\org.eclipse.equinox.launcher\org.eclipse.equinox.launcher.win32.win32.x86_64_1.3.0.v20260203-2149;C:\Users\ASUS\AppData\Local\Temp\jna-2018896

VM Arguments:
jvm_args: --add-modules=ALL-SYSTEM --add-opens=java.base/java.util=ALL-UNNAMED --add-opens=java.base/java.lang=ALL-UNNAMED --add-opens=java.base/sun.nio.fs=ALL-UNNAMED -Declipse.application=org.eclipse.jdt.ls.core.id1 -Dosgi.bundles.defaultStartLevel=4 -Declipse.product=org.eclipse.jdt.ls.core.product -Djava.import.generatesMetadataFilesAtProjectRoot=false -DDetectVMInstallationsJob.disabled=true -Dfile.encoding=utf8 -XX:+UseParallelGC -XX:GCTimeRatio=4 -XX:AdaptiveSizePolicyWeight=90 -Dsun.zip.disableMemoryMapping=true -Xmx2G -Xms100m -Xlog:disable -javaagent:c:\Users\ASUS\.vscode\extensions\redhat.java-1.54.0-win32-x64\lombok\lombok-1.18.39-4050.jar -XX:+HeapDumpOnOutOfMemoryError -XX:HeapDumpPath=c:\Users\ASUS\AppData\Roaming\Code\User\workspaceStorage\aeab3723798d753ef6fc7c07cf3f658c\redhat.java -Daether.dependencyCollector.impl=bf 
java_command: c:\Users\ASUS\.vscode\extensions\redhat.java-1.54.0-win32-x64\server\plugins\org.eclipse.equinox.launcher_1.7.100.v20251111-0406.jar -configuration c:\Users\ASUS\AppData\Roaming\Code\User\globalStorage\redhat.java\1.54.0\config_win -data c:\Users\ASUS\AppData\Roaming\Code\User\workspaceStorage\aeab3723798d753ef6fc7c07cf3f658c\redhat.java\jdt_ws --pipe=\\.\pipe\lsp-6b65e356b3ba6c23b75e44e580192e84-sock
java_class_path (initial): c:\Users\ASUS\.vscode\extensions\redhat.java-1.54.0-win32-x64\server\plugins\org.eclipse.equinox.launcher_1.7.100.v20251111-0406.jar
Launcher Type: SUN_STANDARD

[Global flags]
    uintx AdaptiveSizePolicyWeight                 = 90                                        {product} {command line}
     intx CICompilerCount                          = 12                                        {product} {ergonomic}
    uintx GCTimeRatio                              = 4                                         {product} {command line}
     bool HeapDumpOnOutOfMemoryError               = true                                   {manageable} {command line}
    ccstr HeapDumpPath                             = c:\Users\ASUS\AppData\Roaming\Code\User\workspaceStorage\aeab3723798d753ef6fc7c07cf3f658c\redhat.java         {manageable} {command line}
   size_t InitialHeapSize                          = 104857600                                 {product} {command line}
   size_t MaxHeapSize                              = 2147483648                                {product} {command line}
   size_t MaxNewSize                               = 715653120                                 {product} {ergonomic}
   size_t MinHeapDeltaBytes                        = 524288                                    {product} {ergonomic}
   size_t MinHeapSize                              = 104857600                                 {product} {command line}
   size_t NewSize                                  = 34603008                                  {product} {ergonomic}
    uintx NonNMethodCodeHeapSize                   = 7602480                                {pd product} {ergonomic}
    uintx NonProfiledCodeHeapSize                  = 122027880                              {pd product} {ergonomic}
   size_t OldSize                                  = 70254592                                  {product} {ergonomic}
    uintx ProfiledCodeHeapSize                     = 122027880                              {pd product} {ergonomic}
    uintx ReservedCodeCacheSize                    = 251658240                              {pd product} {ergonomic}
     bool SegmentedCodeCache                       = true                                      {product} {ergonomic}
   size_t SoftMaxHeapSize                          = 2147483648                             {manageable} {ergonomic}
     bool UseCompressedOops                        = true                           {product lp64_product} {ergonomic}
     bool UseLargePagesIndividualAllocation        = false                                  {pd product} {ergonomic}
     bool UseParallelGC                            = true                                      {product} {command line}

Logging:
Log output configuration:
 #0: stdout all=off uptime,level,tags foldmultilines=false
 #1: stderr all=off uptime,level,tags foldmultilines=false

Release file:
JAVA_VERSION="21.0.10" 
MODULES="java.base java.compiler java.datatransfer java.xml java.prefs java.desktop java.instrument java.logging java.management java.security.sasl java.naming java.rmi java.management.rmi java.net.http java.scripting java.security.jgss java.transaction.xa java.sql java.sql.rowset java.xml.crypto java.se java.smartcardio jdk.accessibility jdk.internal.jvmstat jdk.attach jdk.charsets jdk.internal.opt jdk.zipfs jdk.compiler jdk.crypto.ec jdk.crypto.cryptoki jdk.crypto.mscapi jdk.dynalink jdk.internal.ed jdk.editpad jdk.hotspot.agent jdk.httpserver jdk.internal.le jdk.internal.vm.ci jdk.internal.vm.compiler jdk.internal.vm.compiler.management jdk.jartool jdk.javadoc jdk.jcmd jdk.management jdk.management.agent jdk.jconsole jdk.jdeps jdk.jdwp.agent jdk.jdi jdk.jfr jdk.jshell jdk.jsobject jdk.jstatd jdk.localedata jdk.management.jfr jdk.naming.dns jdk.naming.rmi jdk.net jdk.nio.mapmode jdk.random jdk.sctp jdk.security.auth jdk.security.jgss jdk.unsupported jdk.unsupported.desktop jdk.xml.dom" 

Environment Variables:
PATH=C:\Visaul Studio\Microsoft VS Code;C:\Program Files\Java\jdk-25\bin;C:\Program Files\Python313\Scripts\;C:\Program Files\Python313\;C:\Program Files (x86)\VMware\VMware Workstation\bin\;C:\WINDOWS\system32;C:\WINDOWS;C:\WINDOWS\System32\Wbem;C:\WINDOWS\System32\WindowsPowerShell\v1.0\;C:\WINDOWS\System32\OpenSSH\;C:\Program Files\NVIDIA Corporation\NVIDIA App\NvDLISR;C:\Program Files (x86)\NVIDIA Corporation\PhysX\Common;C:\Program Files\dotnet\;C:\php-8.4.7;C:\ProgramData\ComposerSetup\bin;C:\Program Files\nodejs\;C:\Program Files\Git\cmd;C:\Program Files\MongoDB\Server\8.2\bin;C:\Program Files\Java\jdk-25\;C:\ProgramData\chocolatey\bin;C:\Program Files\Microsoft SQL Server\150\Tools\Binn\;C:\Program Files\Microsoft SQL Server\Client SDK\ODBC\170\Tools\Binn\;C:\Program Files\Microsoft SQL Server\170\DTS\Binn\;C:\Program Files\Docker\Docker\resources\bin;C:\Users\ASUS\Downloads\flutter_windows_3.41.7-stable\flutter\bin;C:\flutter\bin;C:\flutter\bin\cache\dart-sdk;c:\Users\ASUS\AppData\Local\Programs\cursor\resources\app\codeBin;C:\Program Files\Java\jdk-25\bin;C:\Users\ASUS\AppData\Local\Microsoft\WindowsApps;C:\Visaul Studio\Microsoft VS Code\bin;C:\Users\ASUS\AppData\Local\Programs\Azure Data Studio\bin;C:\Program Files\Azure Data Studio\bin;C:\Users\ASUS\AppData\Local\GitHubDesktop\bin;C:\Users\ASUS\AppData\Roaming\Composer\vendor\bin;C:\Users\ASUS\AppData\Roaming\npm;C:\Program Files\mongosh\;C:\Program Files\IntelliJ IDEA 2025.2.3\bin;C:\Program Files (x86)\Microsoft Visual Studio\Shared\NuGetPackages\microsoft.visualstudio.javascript.sdk;C:\Program Files\Java\jdk-25\;C:\Users\ASUS\.dotnet\tools;C:\Users\ASUS\AppData\Local\Microsoft\WinGet\Links;C:\Users\ASUS\AppData\Local\Programs\Antigravity\bin;C:\Users\ASUS\AppData\Local\Programs\cursor\resources\app\bin;C:\flutter\bin;C:\flutter\bin\cache\dart-sdk;
USERNAME=ASUS
OS=Windows_NT
PROCESSOR_IDENTIFIER=AMD64 Family 25 Model 68 Stepping 1, AuthenticAMD
TMP=C:\Users\ASUS\AppData\Local\Temp
TEMP=C:\Users\ASUS\AppData\Local\Temp




Periodic native trim disabled

---------------  S Y S T E M  ---------------

OS:
 Windows 11 , 64 bit Build 26100 (10.0.26100.5074)
OS uptime: 0 days 0:40 hours
Hyper-V role detected

CPU: total 16 (initial active 16) (16 cores per cpu, 2 threads per core) family 25 model 68 stepping 1 microcode 0xa404107, cx8, cmov, fxsr, ht, mmx, 3dnowpref, sse, sse2, sse3, ssse3, sse4a, sse4.1, sse4.2, popcnt, lzcnt, tsc, tscinvbit, avx, avx2, aes, erms, clmul, bmi1, bmi2, adx, sha, fma, vzeroupper, clflush, clflushopt, hv, rdtscp, rdpid, fsrm, f16c, cet_ss
Processor Information for processor 0
  Max Mhz: 3100, Current Mhz: 2523, Mhz Limit: 3100
Processor Information for processor 1
  Max Mhz: 3100, Current Mhz: 2523, Mhz Limit: 3100
Processor Information for processor 2
  Max Mhz: 3100, Current Mhz: 2523, Mhz Limit: 3100
Processor Information for processor 3
  Max Mhz: 3100, Current Mhz: 2523, Mhz Limit: 3100
Processor Information for processor 4
  Max Mhz: 3100, Current Mhz: 3100, Mhz Limit: 3100
Processor Information for processor 5
  Max Mhz: 3100, Current Mhz: 3100, Mhz Limit: 3100
Processor Information for processor 6
  Max Mhz: 3100, Current Mhz: 3100, Mhz Limit: 3100
Processor Information for processor 7
  Max Mhz: 3100, Current Mhz: 3100, Mhz Limit: 3100
Processor Information for processor 8
  Max Mhz: 3100, Current Mhz: 3100, Mhz Limit: 3100
Processor Information for processor 9
  Max Mhz: 3100, Current Mhz: 3100, Mhz Limit: 3100
Processor Information for processor 10
  Max Mhz: 3100, Current Mhz: 3100, Mhz Limit: 3100
Processor Information for processor 11
  Max Mhz: 3100, Current Mhz: 3100, Mhz Limit: 3100
Processor Information for processor 12
  Max Mhz: 3100, Current Mhz: 3100, Mhz Limit: 3100
Processor Information for processor 13
  Max Mhz: 3100, Current Mhz: 3100, Mhz Limit: 3100
Processor Information for processor 14
  Max Mhz: 3100, Current Mhz: 3100, Mhz Limit: 3100
Processor Information for processor 15
  Max Mhz: 3100, Current Mhz: 3100, Mhz Limit: 3100

Memory: 4k page, system-wide physical 8010M (57M free)
TotalPageFile size 24394M (AvailPageFile size 9M)
current process WorkingSet (physical memory assigned to process): 92M, peak: 519M
current process commit charge ("private bytes"): 1018M, peak: 1030M

vm_info: OpenJDK 64-Bit Server VM (21.0.10+7-LTS) for windows-amd64 JRE (21.0.10+7-LTS), built on 2026-01-20T00:00:00Z by "admin" with MS VC++ 17.12 (VS2022)

END.
